2016-08-08 12:04:08,071 - __main__ - INFO - Starting main
2016-08-08 12:07:35,453 - __main__ - INFO - Starting main
2016-08-08 12:07:49,643 - __main__ - INFO - Starting main
